********* Start testing of PanelKeyTests *********
Config: Using QtTest library 6.11.3, Qt 6.11.3 (arm64-little_endian-lp64 shared (dynamic) release build; by Apple LLVM 16.0.0 (clang-1600.0.26.3)), macos 26.6.2
PASS   : PanelKeyTests::initTestCase()
PASS   : PanelKeyTests::relativeFilesystemRename(ordinary-child-path)
PASS   : PanelKeyTests::relativeFilesystemRename(flat-parent-relative)
PASS   : PanelKeyTests::relativeArchiveRename(7z-0)
PASS   : PanelKeyTests::relativeArchiveRename(7z-1)
PASS   : PanelKeyTests::relativeArchiveRename(zip-0)
PASS   : PanelKeyTests::relativeArchiveRename(zip-1)
FAIL!  : PanelKeyTests::relativeArchiveRename(tar-0) '!archive.isEmpty()' returned FALSE. ()
   Loc: [/REPOSITORY/tests/panel-key.cpp(64)]
FAIL!  : PanelKeyTests::relativeArchiveRename(tar-1) '!archive.isEmpty()' returned FALSE. ()
   Loc: [/REPOSITORY/tests/panel-key.cpp(64)]
FAIL!  : PanelKeyTests::relativeArchiveRename(wim-0) 'results.notices.isEmpty()' returned FALSE. (Archive update produced unexpected entries; original retained.
Target: /TMP/T/PanelKeys-EAptZr/archive-wim0/archive.wim
7-Zip exit code: -1

7-Zip (a) 26.03 (arm64) : Copyright (c) 1999-2026 Igor Pavlov : 2026-09-03
 64-bit arm_v:8.5-A locale=C.UTF-8 Threads:8 OPEN_MAX:1048575

Scanning the drive for archives:
1 file, 1735 bytes (2 KiB)

Listing archive: /TMP/T/PanelKeys-EAptZr/archive-wim0/.7zip-folder-gtqbzC/archive/archive.wim

--
Path = /TMP/T/PanelKeys-EAptZr/archive-wim0/.7zip-folder-gtqbzC/archive/archive.wim
Type = wim
Physical Size = 1735
Size = 27
Packed Size = 27
Method = Copy:15
Cluster Size = 32768
Created = 2026-10-06 03:41:13.7173270
Modified = 2026-10-06 03:41:13.7173270
Comment = <WIM><TOTALBYTES>1041</TOTALBYTES><IMAGE INDEX="1"><NAME>1</NAME><DIRCOUNT>2</DIRCOUNT><FILECOUNT>2</FILECOUNT><TOTALBYTES>27</TOTALBYTES><CREATIONTIME><HIGHPART>0x01DD54F9</HIGHPART><LOWPART>0x19305F16</LOWPART></CREATIONTIME><LASTMODIFICATIONTIME><HIGHPART>0x01DD54F9</HIGHPART><LOWPART>0x19305F16</LOWPART></LASTMODIFICATIONTIME></IMAGE></WIM>
Version = 1.13
Multivolume = -
Volume = 1
Volumes = 1
Images = 1

----------
Path = folder
Folder = +
Size = 
Packed Size = 
Modified = 2026-10-06 03:41:13.2669456
Created = 
Accessed = 
Attributes = D drwxr-xr-x
Method = 
Solid = 
Short Name = 
iNode = 
Links = 
Alternate Stream = -
Alternate Streams = 
SHA-1 = 
Link = 
NT Security = 

Path = folder/new folder
Folder = +
Size = 
Packed Size = 
Modified = 
Created = 
Accessed = 
Attributes = D
Method = 
Solid = 
Short Name = 
iNode = 
Links = 
Alternate Stream = -
Alternate Streams = 
SHA-1 = 
Link = 
NT Security = 

Path = keep.txt
Folder = -
Size = 4
Packed Size = 4
Modified = 2026-10-06 03:41:13.2670890
Created = 
Accessed = 
Attributes = A -rw-r--r--
Method = Copy
Solid = -
Short Name = 
iNode = 
Links = 1
Alternate Stream = -
Alternate Streams = 
SHA-1 = 1264bdfe5ff3215cf6abac2152fff607f7dc78dc
Link = 
NT Security = 

Path = folder/new folder/日本語 payload.txt
Folder = -
Size = 23
Packed Size = 23
Modified = 2026-10-06 03:41:13.2669947
Created = 
Accessed = 
Attributes = A -rw-r--r--
Method = Copy
Solid = -
Short Name = 
iNode = 
Links = 1
Alternate Stream = -
Alternate Streams = 
SHA-1 = 8c500ae2a72d91d2b035ca5174a92425759dbfd4
Link = 
NT Security = 


)
   Loc: [/REPOSITORY/tests/panel-key.cpp(65)]
FAIL!  : PanelKeyTests::relativeArchiveRename(wim-1) 'results.notices.isEmpty()' returned FALSE. (Archive update produced unexpected entries; original retained.
Target: /TMP/T/PanelKeys-EAptZr/archive-wim1/archive.wim
7-Zip exit code: -1

7-Zip (a) 26.03 (arm64) : Copyright (c) 1999-2026 Igor Pavlov : 2026-09-03
 64-bit arm_v:8.5-A locale=C.UTF-8 Threads:8 OPEN_MAX:1048575

Scanning the drive for archives:
1 file, 1735 bytes (2 KiB)

Listing archive: /TMP/T/PanelKeys-EAptZr/archive-wim1/.7zip-folder-cjPVOS/archive/archive.wim

--
Path = /TMP/T/PanelKeys-EAptZr/archive-wim1/.7zip-folder-cjPVOS/archive/archive.wim
Type = wim
Physical Size = 1735
Size = 27
Packed Size = 27
Method = Copy:15
Cluster Size = 32768
Created = 2026-10-06 03:41:14.6558450
Modified = 2026-10-06 03:41:14.6558450
Comment = <WIM><TOTALBYTES>1041</TOTALBYTES><IMAGE INDEX="1"><NAME>1</NAME><DIRCOUNT>2</DIRCOUNT><FILECOUNT>2</FILECOUNT><TOTALBYTES>27</TOTALBYTES><CREATIONTIME><HIGHPART>0x01DD54F9</HIGHPART><LOWPART>0x19BF93F2</LOWPART></CREATIONTIME><LASTMODIFICATIONTIME><HIGHPART>0x01DD54F9</HIGHPART><LOWPART>0x19BF93F2</LOWPART></LASTMODIFICATIONTIME></IMAGE></WIM>
Version = 1.13
Multivolume = -
Volume = 1
Volumes = 1
Images = 1

----------
Path = folder
Folder = +
Size = 
Packed Size = 
Modified = 2026-10-06 03:41:14.1947317
Created = 
Accessed = 
Attributes = D drwxr-xr-x
Method = 
Solid = 
Short Name = 
iNode = 
Links = 
Alternate Stream = -
Alternate Streams = 
SHA-1 = 
Link = 
NT Security = 

Path = folder/new folder
Folder = +
Size = 
Packed Size = 
Modified = 
Created = 
Accessed = 
Attributes = D
Method = 
Solid = 
Short Name = 
iNode = 
Links = 
Alternate Stream = -
Alternate Streams = 
SHA-1 = 
Link = 
NT Security = 

Path = keep.txt
Folder = -
Size = 4
Packed Size = 4
Modified = 2026-10-06 03:41:14.1950826
Created = 
Accessed = 
Attributes = A -rw-r--r--
Method = Copy
Solid = -
Short Name = 
iNode = 
Links = 1
Alternate Stream = -
Alternate Streams = 
SHA-1 = 1264bdfe5ff3215cf6abac2152fff607f7dc78dc
Link = 
NT Security = 

Path = folder/new folder/日本語 payload.txt
Folder = -
Size = 23
Packed Size = 23
Modified = 2026-10-06 03:41:14.1948559
Created = 
Accessed = 
Attributes = A -rw-r--r--
Method = Copy
Solid = -
Short Name = 
iNode = 
Links = 1
Alternate Stream = -
Alternate Streams = 
SHA-1 = 8c500ae2a72d91d2b035ca5174a92425759dbfd4
Link = 
NT Security = 


)
   Loc: [/REPOSITORY/tests/panel-key.cpp(65)]
FAIL!  : PanelKeyTests::shiftF4AndAltPathFocus() Compared QObject pointers are not the same
   Actual   (window.focusWidget())            : QLineEdit/"currentPath"
   Expected (static_cast<QWidget *>(leftPath)): QLineEdit/"currentPath"
   Loc: [/REPOSITORY/tests/panel-key.cpp(72)]
Received signal 11 (SIGSEGV), code SEGV_ACCERR, at instruction address 0x000000010068f80c, accessing address 0x0000000000000000
         otherPanelFilesystemNavigation function time: 39ms, total time: 7706ms
