********* Start testing of PanelKeyTests *********
Config: Using QtTest library 6.11.3, Qt 6.11.3 (arm64-little_endian-lp64 shared (dynamic) release build; by Apple LLVM 16.0.0 (clang-1600.0.26.3)), macos 26.6.2
PASS   : PanelKeyTests::initTestCase()
PASS   : PanelKeyTests::relativeArchiveRename(7z-0)
PASS   : PanelKeyTests::relativeArchiveRename(7z-1)
PASS   : PanelKeyTests::relativeArchiveRename(zip-0)
PASS   : PanelKeyTests::relativeArchiveRename(zip-1)
PASS   : PanelKeyTests::relativeArchiveRename(tar-0)
PASS   : PanelKeyTests::relativeArchiveRename(tar-1)
PASS   : PanelKeyTests::relativeArchiveRename(wim-0)
PASS   : PanelKeyTests::relativeArchiveRename(wim-1)
PASS   : PanelKeyTests::shiftF4AndAltPathFocus()
QINFO  : PanelKeyTests::otherPanelFilesystemNavigation() before navigation "/TMP/T/PanelKeys-rhHYtQ/two-fs/left" "/TMP/T/PanelKeys-rhHYtQ/two-fs/right" false 10 QVariant(bool, true)
QINFO  : PanelKeyTests::otherPanelFilesystemNavigation() after navigation "/TMP/T/PanelKeys-rhHYtQ/two-fs/left" "/TMP/T/PanelKeys-rhHYtQ/two-fs/left/folder" true
PASS   : PanelKeyTests::otherPanelFilesystemNavigation()
PASS   : PanelKeyTests::otherPanelArchiveNavigation(7z)
PASS   : PanelKeyTests::otherPanelArchiveNavigation(zip)
PASS   : PanelKeyTests::sharedNestedLifetimeAndParent()
QINFO  : PanelKeyTests::symbolicFolderBrowseAndRename() symlink address "/TMP/T/PanelKeys-rhHYtQ/symbolic-browse" operated 1
FAIL!  : PanelKeyTests::symbolicFolderBrowseAndRename() '!window.operationBusy()&&address(window)==root+"/alias"' returned FALSE. ()
   Loc: [/REPOSITORY/tests/panel-key.cpp(98)]
PASS   : PanelKeyTests::cleanupTestCase()
Totals: 15 passed, 1 failed, 0 skipped, 0 blacklisted, 24303ms
********* Finished testing of PanelKeyTests *********
