********* Start testing of Integration *********
Config: Using QtTest library 6.11.3, Qt 6.11.3 (arm64-little_endian-lp64 shared (dynamic) release build; by Apple LLVM 16.0.0 (clang-1600.0.26.3)), macos 26.6.2
QINFO  : Integration::initTestCase() Dedicated fixture directory: "/TMP/T/Integration-dkIYxj"
PASS   : Integration::initTestCase()
PASS   : Integration::updateRenameDelete()
PASS   : Integration::encryption(7z-data)
PASS   : Integration::encryption(7z-headers)
PASS   : Integration::encryption(zip-AES)
PASS   : Integration::encryption(zip-ZipCrypto)
PASS   : Integration::encryptedUpdate()
PASS   : Integration::archiveFileReplacement(7z)
PASS   : Integration::archiveFileReplacement(zip)
PASS   : Integration::archiveFileReplacement(tar)
PASS   : Integration::archiveFileReplacement(wim)
PASS   : Integration::archiveFileReplacement(gzip)
PASS   : Integration::archiveFileReplacement(bzip2)
PASS   : Integration::archiveFileReplacement(xz)
FAIL!  : Integration::archiveFileReplacement(7z-data) '!result.success' returned FALSE. ()
   Loc: [/REPOSITORY/tests/integration.cpp(358)]
PASS   : Integration::archiveFileReplacement(7z-headers)
FAIL!  : Integration::archiveFileReplacement(zip-AES) '!result.success' returned FALSE. ()
   Loc: [/REPOSITORY/tests/integration.cpp(358)]
FAIL!  : Integration::archiveFileReplacement(zip-ZipCrypto) '!result.success' returned FALSE. ()
   Loc: [/REPOSITORY/tests/integration.cpp(358)]
PASS   : Integration::guiArchiveFolderCreation()
PASS   : Integration::cleanupTestCase()
Totals: 17 passed, 3 failed, 0 skipped, 0 blacklisted, 4205ms
********* Finished testing of Integration *********
