********* Start testing of CommentTests *********
Config: Using QtTest library 6.11.3, Qt 6.11.3 (arm64-little_endian-lp64 shared (dynamic) release build; by Apple LLVM 16.0.0 (clang-1600.0.26.3)), macos 26.6.2
QINFO  : CommentTests::initTestCase() Owned comment fixtures: "/TMP/T/FileComments-SyJtDG"
PASS   : CommentTests::initTestCase()
QINFO  : CommentTests::zipCommentRoundtrip(plain) Independent raw ZIP payload verification passed (including encrypted bytes)
PASS   : CommentTests::zipCommentRoundtrip(plain)
QINFO  : CommentTests::zipCommentRoundtrip(AES) Independent raw ZIP payload verification passed (including encrypted bytes)
PASS   : CommentTests::zipCommentRoundtrip(AES)
QINFO  : CommentTests::zipCommentRoundtrip(ZipCrypto) Independent raw ZIP payload verification passed (including encrypted bytes)
PASS   : CommentTests::zipCommentRoundtrip(ZipCrypto)
PASS   : CommentTests::zipCommentFailureAndCancel()
QINFO  : CommentTests::zipIndependentPayloadVerification(create-bzip2) Independent ZIP verification passed: 3 entries, raw payload/local records, comments and decoded bytes
PASS   : CommentTests::zipIndependentPayloadVerification(create-bzip2)
QINFO  : CommentTests::zipIndependentPayloadVerification(create-lzma) Independent ZIP verification passed: 3 entries, raw payload/local records, comments and decoded bytes
PASS   : CommentTests::zipIndependentPayloadVerification(create-lzma)
QINFO  : CommentTests::zipIndependentPayloadVerification(create-zip64) Independent ZIP verification passed: 65539 entries, raw payload/local records, comments and decoded bytes
PASS   : CommentTests::zipIndependentPayloadVerification(create-zip64)
PASS   : CommentTests::zipCryptoDescriptorUpdated()
PASS   : CommentTests::zipVirtualFolderNotEditableAndMaximumLength()
PASS   : CommentTests::zipDuplicateNamesCanBeListed()
PASS   : CommentTests::zipGuiCommentAndColumnTransition()
PASS   : CommentTests::cleanupTestCase()
Totals: 13 passed, 0 failed, 0 skipped, 0 blacklisted, 21364ms
********* Finished testing of CommentTests *********
