********* Start testing of ZipMetadataTests *********
Config: Using QtTest library 6.11.3, Qt 6.11.3 (arm64-little_endian-lp64 shared (dynamic) release build; by Apple LLVM 16.0.0 (clang-1600.0.26.3)), macos 26.6.2
PASS   : ZipMetadataTests::initTestCase()
QINFO  : ZipMetadataTests::nativeCommentRenameAndExtract(crypto-deflate-dd32) Independent ZIP check passed: names, comments, DOS time, packed/encrypted bytes and descriptor
QINFO  : ZipMetadataTests::nativeCommentRenameAndExtract(crypto-deflate-dd32) Independent ZIP check passed: names, comments, DOS time, packed/encrypted bytes and descriptor
QINFO  : ZipMetadataTests::nativeCommentRenameAndExtract(crypto-deflate-dd32) Pristine official 7zz extraction matches source SHA-256 and directories
PASS   : ZipMetadataTests::nativeCommentRenameAndExtract(crypto-deflate-dd32)
QINFO  : ZipMetadataTests::nativeCommentRenameAndExtract(crypto-store-dd32) Independent ZIP check passed: names, comments, DOS time, packed/encrypted bytes and descriptor
QINFO  : ZipMetadataTests::nativeCommentRenameAndExtract(crypto-store-dd32) Independent ZIP check passed: names, comments, DOS time, packed/encrypted bytes and descriptor
QINFO  : ZipMetadataTests::nativeCommentRenameAndExtract(crypto-store-dd32) Pristine official 7zz extraction matches source SHA-256 and directories
PASS   : ZipMetadataTests::nativeCommentRenameAndExtract(crypto-store-dd32)
QINFO  : ZipMetadataTests::nativeCommentRenameAndExtract(crypto-forced64) Independent ZIP check passed: names, comments, DOS time, packed/encrypted bytes and descriptor
QINFO  : ZipMetadataTests::nativeCommentRenameAndExtract(crypto-forced64) Independent ZIP check passed: names, comments, DOS time, packed/encrypted bytes and descriptor
QINFO  : ZipMetadataTests::nativeCommentRenameAndExtract(crypto-forced64) Pristine official 7zz extraction matches source SHA-256 and directories
PASS   : ZipMetadataTests::nativeCommentRenameAndExtract(crypto-forced64)
QINFO  : ZipMetadataTests::nativeCommentRenameAndExtract(crypto-unsigned32) Pristine official 7zz extraction matches source SHA-256 and directories
QINFO  : ZipMetadataTests::nativeCommentRenameAndExtract(crypto-unsigned32) Unsigned descriptor: original handler refuses metadata update; original retained; Test/extraction passed
PASS   : ZipMetadataTests::nativeCommentRenameAndExtract(crypto-unsigned32)
QINFO  : ZipMetadataTests::nativeCommentRenameAndExtract(crypto-unsigned64) Pristine official 7zz extraction matches source SHA-256 and directories
QINFO  : ZipMetadataTests::nativeCommentRenameAndExtract(crypto-unsigned64) Unsigned descriptor: original handler refuses metadata update; original retained; Test/extraction passed
PASS   : ZipMetadataTests::nativeCommentRenameAndExtract(crypto-unsigned64)
QINFO  : ZipMetadataTests::nativeCommentRenameAndExtract(crypto-skewed-time) Independent ZIP check passed: names, comments, DOS time, packed/encrypted bytes and descriptor
QINFO  : ZipMetadataTests::nativeCommentRenameAndExtract(crypto-skewed-time) Independent ZIP check passed: names, comments, DOS time, packed/encrypted bytes and descriptor
QINFO  : ZipMetadataTests::nativeCommentRenameAndExtract(crypto-skewed-time) Pristine official 7zz extraction matches source SHA-256 and directories
PASS   : ZipMetadataTests::nativeCommentRenameAndExtract(crypto-skewed-time)
QINFO  : ZipMetadataTests::nativeCommentRenameAndExtract(AES-descriptor) Independent ZIP check passed: names, comments, DOS time, packed/encrypted bytes and descriptor
QINFO  : ZipMetadataTests::nativeCommentRenameAndExtract(AES-descriptor) Independent ZIP check passed: names, comments, DOS time, packed/encrypted bytes and descriptor
QINFO  : ZipMetadataTests::nativeCommentRenameAndExtract(AES-descriptor) Pristine official 7zz extraction matches source SHA-256 and directories
PASS   : ZipMetadataTests::nativeCommentRenameAndExtract(AES-descriptor)
QINFO  : ZipMetadataTests::nativeCommentRenameAndExtract(plain-descriptor) Independent ZIP check passed: names, comments, DOS time, packed/encrypted bytes and descriptor
QINFO  : ZipMetadataTests::nativeCommentRenameAndExtract(plain-descriptor) Independent ZIP check passed: names, comments, DOS time, packed/encrypted bytes and descriptor
QINFO  : ZipMetadataTests::nativeCommentRenameAndExtract(plain-descriptor) Pristine official 7zz extraction matches source SHA-256 and directories
PASS   : ZipMetadataTests::nativeCommentRenameAndExtract(plain-descriptor)
QINFO  : ZipMetadataTests::legacyCommentHelperDescriptor() Independent ZIP check passed: names, comments, DOS time, packed/encrypted bytes and descriptor
PASS   : ZipMetadataTests::legacyCommentHelperDescriptor()
PASS   : ZipMetadataTests::encryptedFolderRenameAndReplacement()
PASS   : ZipMetadataTests::utf8CommentBoundsAndFailedUpdate()
PASS   : ZipMetadataTests::cleanupTestCase()
Totals: 13 passed, 0 failed, 0 skipped, 0 blacklisted, 2725ms
********* Finished testing of ZipMetadataTests *********
