Internal ctest changing into directory: /DEPS/build-comments-20261004
UpdateCTestConfiguration  from :/DEPS/build-comments-20261004/DartConfiguration.tcl
UpdateCTestConfiguration  from :/DEPS/build-comments-20261004/DartConfiguration.tcl
Test project /DEPS/build-comments-20261004
Constructing a list of tests
Done constructing a list of tests
Updating test list for fixtures
Added 0 tests to meet fixture requirements
Checking test dependency graph...
Checking test dependency graph end
test 5
    Start  5: progress_completion

5: Test command: /DEPS/build-comments-20261004/progress_completion_tests "/DEPS/7zip-26.03/CPP/7zip/Bundles/Alone2/b/m_arm64_15/7zz"
5: Working Directory: /DEPS/build-comments-20261004
5: Environment variables: 
5:  PORT_TEST_PLUGIN_ROOT=/DEPS/qt-cocoa-6.11.3-3a3153339370/build/plugins/platforms/..
5: Test timeout computed to be: 120
5: ********* Start testing of ProgressCompletionTests *********
5: Config: Using QtTest library 6.11.3, Qt 6.11.3 (arm64-little_endian-lp64 shared (dynamic) release build; by Apple LLVM 16.0.0 (clang-1600.0.26.3)), macos 26.6.2
5: PASS   : ProgressCompletionTests::initTestCase()
5: PASS   : ProgressCompletionTests::originalCompletionPolicy(success-auto-close)
5: PASS   : ProgressCompletionTests::originalCompletionPolicy(test-ok-message)
5: PASS   : ProgressCompletionTests::originalCompletionPolicy(fatal-error-message)
5: PASS   : ProgressCompletionTests::originalCompletionPolicy(file-errors-retain-close)
5: PASS   : ProgressCompletionTests::originalCompletionPolicy(fatal-and-file-errors)
5: PASS   : ProgressCompletionTests::originalCompletionPolicy(cancelled-with-errors-close)
5: PASS   : ProgressCompletionTests::originalTestAndHashText()
5: PASS   : ProgressCompletionTests::checksumSelectionCopyDeleteAndDetail()
5: PASS   : ProgressCompletionTests::actualEngineResults(7z)
5: PASS   : ProgressCompletionTests::actualEngineResults(zip)
5: PASS   : ProgressCompletionTests::actualInsideTestSummary()
5: PASS   : ProgressCompletionTests::fatalAndFileErrorsAndParentTitle()
5: PASS   : ProgressCompletionTests::invalidCompletionRecordIsRejected()
5: PASS   : ProgressCompletionTests::passwordAttemptEndsWithoutFinalErrorOrCancelQuestion()
5: PASS   : ProgressCompletionTests::cleanupTestCase()
5: Totals: 16 passed, 0 failed, 0 skipped, 0 blacklisted, 5436ms
5: ********* Finished testing of ProgressCompletionTests *********
1/2 Test  #5: progress_completion ..............   Passed    6.04 sec
test 18
    Start 18: zip_metadata

18: Test command: /DEPS/build-comments-20261004/zip_metadata_tests "/DEPS/7zip-26.03/CPP/7zip/Bundles/Alone2/b/m_arm64_15/7zz"
18: Working Directory: /DEPS/build-comments-20261004
18: Environment variables: 
18:  PORT_TEST_PLUGIN_ROOT=/DEPS/qt-cocoa-6.11.3-3a3153339370/build/plugins/platforms/..
18: Test timeout computed to be: 180
18: ********* Start testing of ZipMetadataTests *********
18: Config: Using QtTest library 6.11.3, Qt 6.11.3 (arm64-little_endian-lp64 shared (dynamic) release build; by Apple LLVM 16.0.0 (clang-1600.0.26.3)), macos 26.6.2
18: PASS   : ZipMetadataTests::initTestCase()
18: QINFO  : ZipMetadataTests::nativeCommentRenameAndExtract(crypto-deflate-dd32) Independent ZIP check passed: names, comments, DOS time, packed/encrypted bytes and descriptor
18: QINFO  : ZipMetadataTests::nativeCommentRenameAndExtract(crypto-deflate-dd32) Independent ZIP check passed: names, comments, DOS time, packed/encrypted bytes and descriptor
18: QINFO  : ZipMetadataTests::nativeCommentRenameAndExtract(crypto-deflate-dd32) Pristine official 7zz extraction matches source SHA-256 and directories
18: PASS   : ZipMetadataTests::nativeCommentRenameAndExtract(crypto-deflate-dd32)
18: QINFO  : ZipMetadataTests::nativeCommentRenameAndExtract(crypto-store-dd32) Independent ZIP check passed: names, comments, DOS time, packed/encrypted bytes and descriptor
18: QINFO  : ZipMetadataTests::nativeCommentRenameAndExtract(crypto-store-dd32) Independent ZIP check passed: names, comments, DOS time, packed/encrypted bytes and descriptor
18: QINFO  : ZipMetadataTests::nativeCommentRenameAndExtract(crypto-store-dd32) Pristine official 7zz extraction matches source SHA-256 and directories
18: PASS   : ZipMetadataTests::nativeCommentRenameAndExtract(crypto-store-dd32)
18: QINFO  : ZipMetadataTests::nativeCommentRenameAndExtract(crypto-forced64) Independent ZIP check passed: names, comments, DOS time, packed/encrypted bytes and descriptor
18: QINFO  : ZipMetadataTests::nativeCommentRenameAndExtract(crypto-forced64) Independent ZIP check passed: names, comments, DOS time, packed/encrypted bytes and descriptor
18: QINFO  : ZipMetadataTests::nativeCommentRenameAndExtract(crypto-forced64) Pristine official 7zz extraction matches source SHA-256 and directories
18: PASS   : ZipMetadataTests::nativeCommentRenameAndExtract(crypto-forced64)
18: FAIL!  : ZipMetadataTests::nativeCommentRenameAndExtract(crypto-unsigned32) 'result.success' returned FALSE. (7-Zip reported an error or warning.
18: 
18: System ERROR:
18: E_NOTIMPL : Not implemented
18: 
18: 7-Zip (a) 26.03 (arm64) : Copyright (c) 1999-2026 Igor Pavlov : 2026-09-03
18:  64-bit arm_v:8.5-A locale=C.UTF-8 Threads:8 OPEN_MAX:1048575
18: 
18: Scanning the drive for archives:
18: 1 file, 1049426 bytes (1025 KiB)
18: 
18: Listing archive: /TMP/T/ZipMetadata-JCsTIY/crypto-unsigned32/.7zip-folder-wabuMo/archive/fixture.zip
18: 
18: --
18: Path = /TMP/T/ZipMetadata-JCsTIY/crypto-unsigned32/.7zip-folder-wabuMo/archive/fixture.zip
18: Type = zip
18: Physical Size = 1049426
18: Comment = 
18: {
18: owned archive comment
18: Path = not-an-entry
18: }
18: 
18: ----------
18: )
18:    Loc: [/REPOSITORY/tests/zip-metadata.cpp(110)]
18: FAIL!  : ZipMetadataTests::nativeCommentRenameAndExtract(crypto-unsigned64) 'result.success' returned FALSE. (7-Zip reported an error or warning.
18: 
18: System ERROR:
18: E_NOTIMPL : Not implemented
18: 
18: 7-Zip (a) 26.03 (arm64) : Copyright (c) 1999-2026 Igor Pavlov : 2026-09-03
18:  64-bit arm_v:8.5-A locale=C.UTF-8 Threads:8 OPEN_MAX:1048575
18: 
18: Scanning the drive for archives:
18: 1 file, 2197 bytes (3 KiB)
18: 
18: Listing archive: /TMP/T/ZipMetadata-JCsTIY/crypto-unsigned64/.7zip-folder-FlyYYd/archive/fixture.zip
18: 
18: --
18: Path = /TMP/T/ZipMetadata-JCsTIY/crypto-unsigned64/.7zip-folder-FlyYYd/archive/fixture.zip
18: Type = zip
18: Physical Size = 2197
18: Comment = 
18: {
18: owned archive comment
18: Path = not-an-entry
18: }
18: 
18: ----------
18: )
18:    Loc: [/REPOSITORY/tests/zip-metadata.cpp(110)]
18: FAIL!  : ZipMetadataTests::nativeCommentRenameAndExtract(crypto-skewed-time) 'result.success' returned FALSE. (ZIP item changed unexpectedly during comment update: 日本語 space.txt. Original retained.
18: 7-Zip (a) 26.03 (arm64) : Copyright (c) 1999-2026 Igor Pavlov : 2026-09-03
18:  64-bit arm_v:8.5-A locale=C.UTF-8 Threads:8 OPEN_MAX:1048575
18: 
18: Scanning the drive for archives:
18: 1 file, 2160 bytes (3 KiB)
18: 
18: Listing archive: /TMP/T/ZipMetadata-JCsTIY/crypto-skewed-time/.7zip-folder-lPTCbN/archive/fixture.zip
18: 
18: --
18: Path = /TMP/T/ZipMetadata-JCsTIY/crypto-skewed-time/.7zip-folder-lPTCbN/archive/fixture.zip
18: Type = zip
18: Physical Size = 2160
18: Comment = 
18: {
18: owned archive comment
18: Path = not-an-entry
18: }
18: 
18: ----------
18: Path = empty
18: Folder = +
18: Size = 0
18: Packed Size = 0
18: Modified = 2026-10-06 03:01:36.5810003
18: Created = 
18: Accessed = 
18: Attributes = D drwxr-xr-x
18: Encrypted = -
18: Comment = 
18: CRC = 
18: Method = Store
18: Characteristics = NTFS
18: Host OS = Unix
18: Version = 20
18: Volume Index = 0
18: Offset = 0
18: 
18: Path = folder
18: Folder = +
18: Size = 0
18: Packed Size = 0
18: Modified = 2026-10-06 03:01:36.5809534
18: Created = 
18: Accessed = 
18: Attributes = D drwxr-xr-x
18: Encrypted = -
18: Comment = 
18: CRC = 
18: Method = Store
18: Characteristics = NTFS
18: Host OS = Unix
18: Version = 20
18: Volume Index = 0
18: Offset = 36
18: 
18: Path = folder/child.txt
18: Folder = -
18: Size = 13
18: Packed Size = 30
18: Modified = 2020-03-04 14:06:08.0000000
18: Created = 
18: Accessed = 
18: Attributes =  -rw-r--r--
18: Encrypted = +
18: Comment = 
18: CRC = 55E8A132
18: Method = ZipCrypto Deflate
18: Characteristics = NTFS : Encrypt Descriptor
18: Host OS = Unix
18: Version = 20
18: Volume Index = 0
18: Offset = 73
18: 
18: Path = keep.txt
18: Folder = -
18: Size = 12
18: Packed Size = 29
18: Modified = 2020-03-04 14:06:08.0000000
18: Created = 
18: Accessed = 
18: Attributes =  -rw-r--r--
18: Encrypted = +
18: Comment = 
18: CRC = E2CDEFCF
18: Method = ZipCrypto Deflate
18: Characteristics = NTFS : Encrypt Descriptor
18: Host OS = Unix
18: Version = 20
18: Volume Index = 0
18: Offset = 165
18: 
18: Path = 日本語 space.txt
18: Folder = -
18: Size = 1048593
18: Packed Size = 1283
18: Modified = 2021-01-01 21:10:00.0000000
18: Created = 
18: Accessed = 
18: Attributes =  -rw-r--r--
18: Encrypted = +
18: Comment = descriptor コメント_second line
18: CRC = 168A9197
18: Method = ZipCrypto Deflate
18: Characteristics = NTFS : Encrypt Descriptor UTF8
18: Host OS = Unix
18: Version = 20
18: Volume Index = 0
18: Offset = 248
18: 
18: )
18:    Loc: [/REPOSITORY/tests/zip-metadata.cpp(110)]
18: QINFO  : ZipMetadataTests::nativeCommentRenameAndExtract(AES-descriptor) Independent ZIP check passed: names, comments, DOS time, packed/encrypted bytes and descriptor
18: QINFO  : ZipMetadataTests::nativeCommentRenameAndExtract(AES-descriptor) Independent ZIP check passed: names, comments, DOS time, packed/encrypted bytes and descriptor
18: QINFO  : ZipMetadataTests::nativeCommentRenameAndExtract(AES-descriptor) Pristine official 7zz extraction matches source SHA-256 and directories
18: PASS   : ZipMetadataTests::nativeCommentRenameAndExtract(AES-descriptor)
18: QINFO  : ZipMetadataTests::nativeCommentRenameAndExtract(plain-descriptor) Independent ZIP check passed: names, comments, DOS time, packed/encrypted bytes and descriptor
18: QINFO  : ZipMetadataTests::nativeCommentRenameAndExtract(plain-descriptor) Independent ZIP check passed: names, comments, DOS time, packed/encrypted bytes and descriptor
18: QINFO  : ZipMetadataTests::nativeCommentRenameAndExtract(plain-descriptor) Pristine official 7zz extraction matches source SHA-256 and directories
18: PASS   : ZipMetadataTests::nativeCommentRenameAndExtract(plain-descriptor)
18: QINFO  : ZipMetadataTests::legacyCommentHelperDescriptor() Independent ZIP check passed: names, comments, DOS time, packed/encrypted bytes and descriptor
18: PASS   : ZipMetadataTests::legacyCommentHelperDescriptor()
18: PASS   : ZipMetadataTests::encryptedFolderRenameAndReplacement()
18: PASS   : ZipMetadataTests::utf8CommentBoundsAndFailedUpdate()
18: PASS   : ZipMetadataTests::cleanupTestCase()
18: Totals: 10 passed, 3 failed, 0 skipped, 0 blacklisted, 2147ms
18: ********* Finished testing of ZipMetadataTests *********
2/2 Test #18: zip_metadata .....................***Failed    2.56 sec
********* Start testing of ZipMetadataTests *********
Config: Using QtTest library 6.11.3, Qt 6.11.3 (arm64-little_endian-lp64 shared (dynamic) release build; by Apple LLVM 16.0.0 (clang-1600.0.26.3)), macos 26.6.2
PASS   : ZipMetadataTests::initTestCase()
QINFO  : ZipMetadataTests::nativeCommentRenameAndExtract(crypto-deflate-dd32) Independent ZIP check passed: names, comments, DOS time, packed/encrypted bytes and descriptor
QINFO  : ZipMetadataTests::nativeCommentRenameAndExtract(crypto-deflate-dd32) Independent ZIP check passed: names, comments, DOS time, packed/encrypted bytes and descriptor
QINFO  : ZipMetadataTests::nativeCommentRenameAndExtract(crypto-deflate-dd32) Pristine official 7zz extraction matches source SHA-256 and directories
PASS   : ZipMetadataTests::nativeCommentRenameAndExtract(crypto-deflate-dd32)
QINFO  : ZipMetadataTests::nativeCommentRenameAndExtract(crypto-store-dd32) Independent ZIP check passed: names, comments, DOS time, packed/encrypted bytes and descriptor
QINFO  : ZipMetadataTests::nativeCommentRenameAndExtract(crypto-store-dd32) Independent ZIP check passed: names, comments, DOS time, packed/encrypted bytes and descriptor
QINFO  : ZipMetadataTests::nativeCommentRenameAndExtract(crypto-store-dd32) Pristine official 7zz extraction matches source SHA-256 and directories
PASS   : ZipMetadataTests::nativeCommentRenameAndExtract(crypto-store-dd32)
QINFO  : ZipMetadataTests::nativeCommentRenameAndExtract(crypto-forced64) Independent ZIP check passed: names, comments, DOS time, packed/encrypted bytes and descriptor
QINFO  : ZipMetadataTests::nativeCommentRenameAndExtract(crypto-forced64) Independent ZIP check passed: names, comments, DOS time, packed/encrypted bytes and descriptor
QINFO  : ZipMetadataTests::nativeCommentRenameAndExtract(crypto-forced64) Pristine official 7zz extraction matches source SHA-256 and directories
PASS   : ZipMetadataTests::nativeCommentRenameAndExtract(crypto-forced64)
FAIL!  : ZipMetadataTests::nativeCommentRenameAndExtract(crypto-unsigned32) 'result.success' returned FALSE. (7-Zip reported an error or warning.

System ERROR:
E_NOTIMPL : Not implemented

7-Zip (a) 26.03 (arm64) : Copyright (c) 1999-2026 Igor Pavlov : 2026-09-03
 64-bit arm_v:8.5-A locale=C.UTF-8 Threads:8 OPEN_MAX:1048575

Scanning the drive for archives:
1 file, 1049426 bytes (1025 KiB)

Listing archive: /TMP/T/ZipMetadata-JCsTIY/crypto-unsigned32/.7zip-folder-wabuMo/archive/fixture.zip

--
Path = /TMP/T/ZipMetadata-JCsTIY/crypto-unsigned32/.7zip-folder-wabuMo/archive/fixture.zip
Type = zip
Physical Size = 1049426
Comment = 
{
owned archive comment
Path = not-an-entry
}

----------
)
   Loc: [/REPOSITORY/tests/zip-metadata.cpp(110)]
FAIL!  : ZipMetadataTests::nativeCommentRenameAndExtract(crypto-unsigned64) 'result.success' returned FALSE. (7-Zip reported an error or warning.

System ERROR:
E_NOTIMPL : Not implemented

7-Zip (a) 26.03 (arm64) : Copyright (c) 1999-2026 Igor Pavlov : 2026-09-03
 64-bit arm_v:8.5-A locale=C.UTF-8 Threads:8 OPEN_MAX:1048575

Scanning the drive for archives:
1 file, 2197 bytes (3 KiB)

Listing archive: /TMP/T/ZipMetadata-JCsTIY/crypto-unsigned64/.7zip-folder-FlyYYd/archive/fixture.zip

--
Path = /TMP/T/ZipMetadata-JCsTIY/crypto-unsigned64/.7zip-folder-FlyYYd/archive/fixture.zip
Type = zip
Physical Size = 2197
Comment = 
{
owned archive comment
Path = not-an-entry
}

----------
)
   Loc: [/REPOSITORY/tests/zip-metadata.cpp(110)]
FAIL!  : ZipMetadataTests::nativeCommentRenameAndExtract(crypto-skewed-time) 'result.success' returned FALSE. (ZIP item changed unexpectedly during comment update: 日本語 space.txt. Original retained.
7-Zip (a) 26.03 (arm64) : Copyright (c) 1999-2026 Igor Pavlov : 2026-09-03
 64-bit arm_v:8.5-A locale=C.UTF-8 Threads:8 OPEN_MAX:1048575

Scanning the drive for archives:
1 file, 2160 bytes (3 KiB)

Listing archive: /TMP/T/ZipMetadata-JCsTIY/crypto-skewed-time/.7zip-folder-lPTCbN/archive/fixture.zip

--
Path = /TMP/T/ZipMetadata-JCsTIY/crypto-skewed-time/.7zip-folder-lPTCbN/archive/fixture.zip
Type = zip
Physical Size = 2160
Comment = 
{
owned archive comment
Path = not-an-entry
}

----------
Path = empty
Folder = +
Size = 0
Packed Size = 0
Modified = 2026-10-06 03:01:36.5810003
Created = 
Accessed = 
Attributes = D drwxr-xr-x
Encrypted = -
Comment = 
CRC = 
Method = Store
Characteristics = NTFS
Host OS = Unix
Version = 20
Volume Index = 0
Offset = 0

Path = folder
Folder = +
Size = 0
Packed Size = 0
Modified = 2026-10-06 03:01:36.5809534
Created = 
Accessed = 
Attributes = D drwxr-xr-x
Encrypted = -
Comment = 
CRC = 
Method = Store
Characteristics = NTFS
Host OS = Unix
Version = 20
Volume Index = 0
Offset = 36

Path = folder/child.txt
Folder = -
Size = 13
Packed Size = 30
Modified = 2020-03-04 14:06:08.0000000
Created = 
Accessed = 
Attributes =  -rw-r--r--
Encrypted = +
Comment = 
CRC = 55E8A132
Method = ZipCrypto Deflate
Characteristics = NTFS : Encrypt Descriptor
Host OS = Unix
Version = 20
Volume Index = 0
Offset = 73

Path = keep.txt
Folder = -
Size = 12
Packed Size = 29
Modified = 2020-03-04 14:06:08.0000000
Created = 
Accessed = 
Attributes =  -rw-r--r--
Encrypted = +
Comment = 
CRC = E2CDEFCF
Method = ZipCrypto Deflate
Characteristics = NTFS : Encrypt Descriptor
Host OS = Unix
Version = 20
Volume Index = 0
Offset = 165

Path = 日本語 space.txt
Folder = -
Size = 1048593
Packed Size = 1283
Modified = 2021-01-01 21:10:00.0000000
Created = 
Accessed = 
Attributes =  -rw-r--r--
Encrypted = +
Comment = descriptor コメント_second line
CRC = 168A9197
Method = ZipCrypto Deflate
Characteristics = NTFS : Encrypt Descriptor UTF8
Host OS = Unix
Version = 20
Volume Index = 0
Offset = 248

)
   Loc: [/REPOSITORY/tests/zip-metadata.cpp(110)]
QINFO  : ZipMetadataTests::nativeCommentRenameAndExtract(AES-descriptor) Independent ZIP check passed: names, comments, DOS time, packed/encrypted bytes and descriptor
QINFO  : ZipMetadataTests::nativeCommentRenameAndExtract(AES-descriptor) Independent ZIP check passed: names, comments, DOS time, packed/encrypted bytes and descriptor
QINFO  : ZipMetadataTests::nativeCommentRenameAndExtract(AES-descriptor) Pristine official 7zz extraction matches source SHA-256 and directories
PASS   : ZipMetadataTests::nativeCommentRenameAndExtract(AES-descriptor)
QINFO  : ZipMetadataTests::nativeCommentRenameAndExtract(plain-descriptor) Independent ZIP check passed: names, comments, DOS time, packed/encrypted bytes and descriptor
QINFO  : ZipMetadataTests::nativeCommentRenameAndExtract(plain-descriptor) Independent ZIP check passed: names, comments, DOS time, packed/encrypted bytes and descriptor
QINFO  : ZipMetadataTests::nativeCommentRenameAndExtract(plain-descriptor) Pristine official 7zz extraction matches source SHA-256 and directories
PASS   : ZipMetadataTests::nativeCommentRenameAndExtract(plain-descriptor)
QINFO  : ZipMetadataTests::legacyCommentHelperDescriptor() Independent ZIP check passed: names, comments, DOS time, packed/encrypted bytes and descriptor
PASS   : ZipMetadataTests::legacyCommentHelperDescriptor()
PASS   : ZipMetadataTests::encryptedFolderRenameAndReplacement()
PASS   : ZipMetadataTests::utf8CommentBoundsAndFailedUpdate()
PASS   : ZipMetadataTests::cleanupTestCase()
Totals: 10 passed, 3 failed, 0 skipped, 0 blacklisted, 2147ms
********* Finished testing of ZipMetadataTests *********


The following tests passed:
	progress_completion

50% tests passed, 1 tests failed out of 2

Total Test time (real) =   8.61 sec

The following tests FAILED:
	 18 - zip_metadata (Failed)
Errors while running CTest
